[2026-09-26 21:04:21] train 2297 clips, val subset 330 of 330
[2026-09-26 21:05:47] eval stock / validation: {"clips": 330, "seconds": 83.1, "wer_all": 17.7, "wer_moldavian": 18.42, "wer_romanian": 17.18}
[2026-09-26 21:05:47] training: 144 steps/epoch, resume from scratch
[2026-09-26 21:07:33] step 10/432 epoch 0.07 loss 0.5611 lr 9.00e-06
[2026-09-26 21:09:18] step 20/432 epoch 0.14 loss 0.5370 lr 1.90e-05
[2026-09-26 21:11:02] step 30/432 epoch 0.21 loss 0.4470 lr 2.90e-05
[2026-09-26 21:16:35] train 2297 clips, val subset 330 of 330
[2026-09-26 21:16:38] training: 144 steps/epoch, resume from scratch
[2026-09-26 21:18:00] step 10/432 epoch 0.07 loss 0.5737 lr 9.00e-06
[2026-09-26 21:19:20] step 20/432 epoch 0.14 loss 0.5593 lr 1.90e-05
[2026-09-26 21:20:40] step 30/432 epoch 0.21 loss 0.4603 lr 2.90e-05
[2026-09-26 21:22:00] step 40/432 epoch 0.28 loss 0.4092 lr 3.90e-05
[2026-09-26 21:23:20] step 50/432 epoch 0.35 loss 0.3735 lr 4.90e-05
[2026-09-26 21:24:40] step 60/432 epoch 0.42 loss 0.3200 lr 5.90e-05
[2026-09-26 21:26:00] step 70/432 epoch 0.49 loss 0.3379 lr 6.90e-05
[2026-09-26 21:27:20] step 80/432 epoch 0.56 loss 0.3023 lr 7.90e-05
[2026-09-26 21:28:40] step 90/432 epoch 0.63 loss 0.2859 lr 8.90e-05
[2026-09-26 21:30:00] step 100/432 epoch 0.70 loss 0.3098 lr 9.90e-05
[2026-09-26 21:31:22] step 110/432 epoch 0.77 loss 0.2954 lr 9.73e-05
[2026-09-26 21:32:42] step 120/432 epoch 0.84 loss 0.2849 lr 9.43e-05
[2026-09-26 21:34:02] step 130/432 epoch 0.91 loss 0.2837 lr 9.13e-05
[2026-09-26 21:35:22] step 140/432 epoch 0.98 loss 0.2902 lr 8.83e-05
[2026-09-26 21:38:18] eval epoch 1 / validation: {"clips": 330, "seconds": 146.9, "wer_all": 10.99, "wer_moldavian": 13.48, "wer_romanian": 9.17}
[2026-09-26 21:38:18] new best: epoch 1
[2026-09-26 21:39:07] step 150/432 epoch 1.04 loss 0.2551 lr 8.52e-05
[2026-09-26 21:40:27] step 160/432 epoch 1.11 loss 0.2452 lr 8.22e-05
[2026-09-26 21:41:47] step 170/432 epoch 1.18 loss 0.2163 lr 7.92e-05
[2026-09-26 21:43:07] step 180/432 epoch 1.25 loss 0.2345 lr 7.62e-05
[2026-09-26 21:44:27] step 190/432 epoch 1.32 loss 0.2483 lr 7.32e-05
[2026-09-26 21:45:48] step 200/432 epoch 1.39 loss 0.2384 lr 7.02e-05
[2026-09-26 21:47:09] step 210/432 epoch 1.46 loss 0.2158 lr 6.72e-05
[2026-09-26 21:48:29] step 220/432 epoch 1.53 loss 0.2302 lr 6.42e-05
[2026-09-26 21:49:49] step 230/432 epoch 1.60 loss 0.2181 lr 6.11e-05
[2026-09-26 21:51:09] step 240/432 epoch 1.67 loss 0.2216 lr 5.81e-05
[2026-09-26 21:52:29] step 250/432 epoch 1.74 loss 0.2394 lr 5.51e-05
[2026-09-26 21:53:50] step 260/432 epoch 1.81 loss 0.2406 lr 5.21e-05
[2026-09-26 21:55:10] step 270/432 epoch 1.88 loss 0.2208 lr 4.91e-05
[2026-09-26 21:56:30] step 280/432 epoch 1.95 loss 0.2125 lr 4.61e-05
[2026-09-26 22:00:09] eval epoch 2 / validation: {"clips": 330, "seconds": 158.5, "wer_all": 10.48, "wer_moldavian": 12.9, "wer_romanian": 8.7}
[2026-09-26 22:00:10] new best: epoch 2
[2026-09-26 22:00:27] step 290/432 epoch 2.01 loss 0.2189 lr 4.31e-05
[2026-09-26 22:01:49] step 300/432 epoch 2.08 loss 0.1751 lr 4.01e-05
[2026-09-26 22:03:11] step 310/432 epoch 2.15 loss 0.1543 lr 3.70e-05
[2026-09-26 22:04:32] step 320/432 epoch 2.22 loss 0.1749 lr 3.40e-05
[2026-09-26 22:05:53] step 330/432 epoch 2.29 loss 0.1734 lr 3.10e-05
[2026-09-26 22:07:14] step 340/432 epoch 2.36 loss 0.1701 lr 2.80e-05
[2026-09-26 22:08:35] step 350/432 epoch 2.43 loss 0.1713 lr 2.50e-05
[2026-09-26 22:09:56] step 360/432 epoch 2.50 loss 0.1748 lr 2.20e-05
[2026-09-26 22:11:17] step 370/432 epoch 2.57 loss 0.1753 lr 1.90e-05
[2026-09-26 22:12:38] step 380/432 epoch 2.64 loss 0.1788 lr 1.60e-05
[2026-09-26 22:13:59] step 390/432 epoch 2.71 loss 0.1838 lr 1.30e-05
[2026-09-26 22:15:20] step 400/432 epoch 2.78 loss 0.1696 lr 9.94e-06
[2026-09-26 22:16:41] step 410/432 epoch 2.85 loss 0.1777 lr 6.93e-06
[2026-09-26 22:18:01] step 420/432 epoch 2.92 loss 0.1697 lr 3.92e-06
[2026-09-26 22:19:21] step 430/432 epoch 2.99 loss 0.1779 lr 9.04e-07
[2026-09-26 22:22:02] eval epoch 3 / validation: {"clips": 330, "seconds": 146.2, "wer_all": 10.47, "wer_moldavian": 12.84, "wer_romanian": 8.74}
[2026-09-26 22:22:02] new best: epoch 3
[2026-09-26 22:22:02] merging best adapter (epoch 3)
[2026-09-26 22:23:41] eval stock_test: {"clips": 359, "seconds": 91.8, "wer_all": 19.69, "wer_moldavian": 20.81, "wer_romanian": 18.84}
[2026-09-26 22:25:13] eval finetuned_test: {"clips": 359, "seconds": 91.2, "wer_all": 9.93, "wer_moldavian": 11.96, "wer_romanian": 8.39}
[2026-09-26 22:25:13] done: {"stock_val": {"wer_all": 17.7, "wer_moldavian": 18.42, "wer_romanian": 17.18}, "epoch1_val": {"wer_all": 10.99, "wer_moldavian": 13.48, "wer_romanian": 9.17}, "epoch2_val": {"wer_all": 10.48, "wer_moldavian": 12.9, "wer_romanian": 8.7}, "epoch3_val": {"wer_all": 10.47, "wer_moldavian": 12.84, "wer_romanian": 8.74}, "stock_test": {"wer_all": 19.69, "wer_moldavian": 20.81, "wer_romanian": 18.84}, "finetuned_test": {"wer_all": 9.93, "wer_moldavian": 11.96, "wer_romanian": 8.39}}
